00:00 +0: loading D:/HocKy_9/Do_AN_2/eldercare_app-main (2)/eldercare_app-main/test/alerts_api_service_test.dart
00:00 +0: D:/HocKy_9/Do_AN_2/eldercare_app-main (2)/eldercare_app-main/test/alerts_api_service_test.dart: getAlertsByDevice reads /api/v1/devices/{deviceId}/alerts
00:00 +1: D:/HocKy_9/Do_AN_2/eldercare_app-main (2)/eldercare_app-main/test/alert_item_test.dart: AlertItem.fromJson parses severity, ack and ids
00:00 +2: D:/HocKy_9/Do_AN_2/eldercare_app-main (2)/eldercare_app-main/test/api_client_test.dart: adds Authorization header when access token is set
00:00 +3: D:/HocKy_9/Do_AN_2/eldercare_app-main (2)/eldercare_app-main/test/api_client_test.dart: retries request after refresh callback returns a new token
00:00 +4: D:/HocKy_9/Do_AN_2/eldercare_app-main (2)/eldercare_app-main/test/api_client_test.dart: calls unauthorized callback when refresh fails
00:00 +5: D:/HocKy_9/Do_AN_2/eldercare_app-main (2)/eldercare_app-main/test/api_client_test.dart: maps network errors to a friendly message
00:00 +6: D:/HocKy_9/Do_AN_2/eldercare_app-main (2)/eldercare_app-main/test/auth_api_service_test.dart: login stores access and refresh tokens
00:00 +7: D:/HocKy_9/Do_AN_2/eldercare_app-main (2)/eldercare_app-main/test/auth_api_service_test.dart: restoreSessionTokens rehydrates client access token
00:00 +8: D:/HocKy_9/Do_AN_2/eldercare_app-main (2)/eldercare_app-main/test/auth_api_service_test.dart: refreshSession replaces tokens using refresh_token payload
00:00 +9: D:/HocKy_9/Do_AN_2/eldercare_app-main (2)/eldercare_app-main/test/auth_api_service_test.dart: register sends the expected payload to the backend
00:01 +10: D:/HocKy_9/Do_AN_2/eldercare_app-main (2)/eldercare_app-main/test/auth_api_service_test.dart: logout calls server with bearer token and clears persisted session
00:01 +11: D:/HocKy_9/Do_AN_2/eldercare_app-main (2)/eldercare_app-main/test/auth_storage_test.dart: saves and loads access token and refresh token
00:01 +12: D:/HocKy_9/Do_AN_2/eldercare_app-main (2)/eldercare_app-main/test/auth_storage_test.dart: saves and loads current user from shared preferences
00:01 +13: D:/HocKy_9/Do_AN_2/eldercare_app-main (2)/eldercare_app-main/test/auth_storage_test.dart: clear removes all persisted auth data
00:01 +14: D:/HocKy_9/Do_AN_2/eldercare_app-main (2)/eldercare_app-main/test/auth_tokens_test.dart: AuthTokens.fromJson reads snake_case tokens
00:01 +15: D:/HocKy_9/Do_AN_2/eldercare_app-main (2)/eldercare_app-main/test/auth_tokens_test.dart: AuthTokens.fromJson accepts camelCase fallback keys
00:01 +16: D:/HocKy_9/Do_AN_2/eldercare_app-main (2)/eldercare_app-main/test/current_user_model_test.dart: CurrentUser.fromJson prioritizes snake_case backend contract
00:01 +17: D:/HocKy_9/Do_AN_2/eldercare_app-main (2)/eldercare_app-main/test/device_api_service_test.dart: getMyDevices reads items from /api/v1/me/devices
00:01 +18: D:/HocKy_9/Do_AN_2/eldercare_app-main (2)/eldercare_app-main/test/device_api_service_test.dart: getMyDevices returns empty list when items is empty
00:01 +19: D:/HocKy_9/Do_AN_2/eldercare_app-main (2)/eldercare_app-main/test/device_api_service_test.dart: claimDevice posts to claim endpoint with pairing code payload
00:01 +20: D:/HocKy_9/Do_AN_2/eldercare_app-main (2)/eldercare_app-main/test/device_api_service_test.dart: registerDevice posts admin payload and parses pairing code
00:01 +21: D:/HocKy_9/Do_AN_2/eldercare_app-main (2)/eldercare_app-main/test/device_api_service_test.dart: addViewer and removeViewer call viewer endpoints
00:01 +22: D:/HocKy_9/Do_AN_2/eldercare_app-main (2)/eldercare_app-main/test/device_model_test.dart: Device.fromQr parses manual JSON payload with deviceId
00:02 +23: D:/HocKy_9/Do_AN_2/eldercare_app-main (2)/eldercare_app-main/test/device_model_test.dart: Device.fromQr falls back to plain userId when QR is not JSON
00:02 +24: D:/HocKy_9/Do_AN_2/eldercare_app-main (2)/eldercare_app-main/test/device_model_test.dart: Device.fromServerJson parses linked users from me/devices response item
00:02 +25: D:/HocKy_9/Do_AN_2/eldercare_app-main (2)/eldercare_app-main/test/device_provider_test.dart: handleSessionState loads my devices and auto-selects single device
[DeviceProvider] Session ready for user=user-001, starting device sync
[DeviceProvider] Syncing /api/v1/me/devices for user=user-001
[DeviceProvider] Device sync completed: total=1, current=dev-esp-001
00:02 +26: D:/HocKy_9/Do_AN_2/eldercare_app-main (2)/eldercare_app-main/test/device_provider_test.dart: syncFromServer keeps current device when it still exists
[DeviceProvider] Syncing /api/v1/me/devices for user=user-001
[DeviceProvider] Device sync completed: total=2, current=dev-esp-001
[DeviceProvider] Current device changed to dev-esp-002
[DeviceProvider] Syncing /api/v1/me/devices for user=user-001
[DeviceProvider] Device sync completed: total=2, current=dev-esp-002
00:02 +27: D:/HocKy_9/Do_AN_2/eldercare_app-main (2)/eldercare_app-main/test/ecg_provider_test.dart: requestEcg returns success when result is received
00:02 +28: D:/HocKy_9/Do_AN_2/eldercare_app-main (2)/eldercare_app-main/test/ecg_provider_test.dart: requestEcg returns empty when polling times out
00:02 +29: D:/HocKy_9/Do_AN_2/eldercare_app-main (2)/eldercare_app-main/test/ecg_provider_test.dart: requestEcg marks unauthorized when session is missing
00:02 +30: D:/HocKy_9/Do_AN_2/eldercare_app-main (2)/eldercare_app-main/test/features/admin/admin_device_registration_page_test.dart: non-admin sees access denied on admin registration page
00:04 +31: D:/HocKy_9/Do_AN_2/eldercare_app-main (2)/eldercare_app-main/test/features/alerts/alerts_page_test.dart: viewer does not see acknowledge action on alerts page
[DeviceProvider] Session ready for user=viewer-001, starting device sync
[DeviceProvider] Syncing /api/v1/me/devices for user=viewer-001
[DeviceProvider] Device sync completed: total=1, current=dev-esp-001
00:04 +32: D:/HocKy_9/Do_AN_2/eldercare_app-main (2)/eldercare_app-main/test/features/auth/login_form_test.dart: login shows required errors when fields are empty
